// Vitest Snapshot v1, https://vitest.dev/guide/snapshot.html

exports[`processGroupedTimeSeriesData > simple test case 1`] = `
[
  {
    "data": [
      {
        "date": "2025-04-27 00:00:00",
        "value": 0,
      },
      {
        "date": "2025-04-28 00:00:00",
        "value": 0,
      },
      {
        "date": "2025-04-29 00:00:00",
        "value": 1,
      },
      {
        "date": "2025-04-30 00:00:00",
        "value": 0,
      },
      {
        "date": "2025-05-01 00:00:00",
        "value": 0,
      },
      {
        "date": "2025-05-02 00:00:00",
        "value": 0,
      },
      {
        "date": "2025-05-03 00:00:00",
        "value": 0,
      },
      {
        "date": "2025-05-04 00:00:00",
        "value": 0,
      },
    ],
    "depth": 18,
    "name": "$all_event",
  },
  {
    "data": [
      {
        "date": "2025-04-27 00:00:00",
        "value": 0,
      },
      {
        "date": "2025-04-28 00:00:00",
        "value": 0,
      },
      {
        "date": "2025-04-29 00:00:00",
        "value": 0,
      },
      {
        "date": "2025-04-30 00:00:00",
        "value": 20,
      },
      {
        "date": "2025-05-01 00:00:00",
        "value": 1,
      },
      {
        "date": "2025-05-02 00:00:00",
        "value": 4,
      },
      {
        "date": "2025-05-03 00:00:00",
        "value": 0,
      },
      {
        "date": "2025-05-04 00:00:00",
        "value": 0,
      },
    ],
    "depth": 1,
    "name": "$all_event",
  },
  {
    "data": [
      {
        "date": "2025-04-27 00:00:00",
        "value": 0,
      },
      {
        "date": "2025-04-28 00:00:00",
        "value": 0,
      },
      {
        "date": "2025-04-29 00:00:00",
        "value": 0,
      },
      {
        "date": "2025-04-30 00:00:00",
        "value": 11,
      },
      {
        "date": "2025-05-01 00:00:00",
        "value": 1,
      },
      {
        "date": "2025-05-02 00:00:00",
        "value": 1,
      },
      {
        "date": "2025-05-03 00:00:00",
        "value": 0,
      },
      {
        "date": "2025-05-04 00:00:00",
        "value": 0,
      },
    ],
    "depth": 2,
    "name": "$all_event",
  },
  {
    "data": [
      {
        "date": "2025-04-27 00:00:00",
        "value": 0,
      },
      {
        "date": "2025-04-28 00:00:00",
        "value": 0,
      },
      {
        "date": "2025-04-29 00:00:00",
        "value": 0,
      },
      {
        "date": "2025-04-30 00:00:00",
        "value": 7,
      },
      {
        "date": "2025-05-01 00:00:00",
        "value": 1,
      },
      {
        "date": "2025-05-02 00:00:00",
        "value": 1,
      },
      {
        "date": "2025-05-03 00:00:00",
        "value": 0,
      },
      {
        "date": "2025-05-04 00:00:00",
        "value": 0,
      },
    ],
    "depth": 3,
    "name": "$all_event",
  },
  {
    "data": [
      {
        "date": "2025-04-27 00:00:00",
        "value": 0,
      },
      {
        "date": "2025-04-28 00:00:00",
        "value": 0,
      },
      {
        "date": "2025-04-29 00:00:00",
        "value": 0,
      },
      {
        "date": "2025-04-30 00:00:00",
        "value": 3,
      },
      {
        "date": "2025-05-01 00:00:00",
        "value": 0,
      },
      {
        "date": "2025-05-02 00:00:00",
        "value": 0,
      },
      {
        "date": "2025-05-03 00:00:00",
        "value": 0,
      },
      {
        "date": "2025-05-04 00:00:00",
        "value": 0,
      },
    ],
    "depth": 4,
    "name": "$all_event",
  },
  {
    "data": [
      {
        "date": "2025-04-27 00:00:00",
        "value": 0,
      },
      {
        "date": "2025-04-28 00:00:00",
        "value": 0,
      },
      {
        "date": "2025-04-29 00:00:00",
        "value": 0,
      },
      {
        "date": "2025-04-30 00:00:00",
        "value": 3,
      },
      {
        "date": "2025-05-01 00:00:00",
        "value": 0,
      },
      {
        "date": "2025-05-02 00:00:00",
        "value": 0,
      },
      {
        "date": "2025-05-03 00:00:00",
        "value": 0,
      },
      {
        "date": "2025-05-04 00:00:00",
        "value": 0,
      },
    ],
    "depth": 5,
    "name": "$all_event",
  },
  {
    "data": [
      {
        "date": "2025-04-27 00:00:00",
        "value": 0,
      },
      {
        "date": "2025-04-28 00:00:00",
        "value": 0,
      },
      {
        "date": "2025-04-29 00:00:00",
        "value": 0,
      },
      {
        "date": "2025-04-30 00:00:00",
        "value": 2,
      },
      {
        "date": "2025-05-01 00:00:00",
        "value": 0,
      },
      {
        "date": "2025-05-02 00:00:00",
        "value": 0,
      },
      {
        "date": "2025-05-03 00:00:00",
        "value": 0,
      },
      {
        "date": "2025-05-04 00:00:00",
        "value": 0,
      },
    ],
    "depth": 6,
    "name": "$all_event",
  },
  {
    "data": [
      {
        "date": "2025-04-27 00:00:00",
        "value": 0,
      },
      {
        "date": "2025-04-28 00:00:00",
        "value": 0,
      },
      {
        "date": "2025-04-29 00:00:00",
        "value": 0,
      },
      {
        "date": "2025-04-30 00:00:00",
        "value": 2,
      },
      {
        "date": "2025-05-01 00:00:00",
        "value": 0,
      },
      {
        "date": "2025-05-02 00:00:00",
        "value": 0,
      },
      {
        "date": "2025-05-03 00:00:00",
        "value": 0,
      },
      {
        "date": "2025-05-04 00:00:00",
        "value": 0,
      },
    ],
    "depth": 7,
    "name": "$all_event",
  },
  {
    "data": [
      {
        "date": "2025-04-27 00:00:00",
        "value": 0,
      },
      {
        "date": "2025-04-28 00:00:00",
        "value": 0,
      },
      {
        "date": "2025-04-29 00:00:00",
        "value": 0,
      },
      {
        "date": "2025-04-30 00:00:00",
        "value": 1,
      },
      {
        "date": "2025-05-01 00:00:00",
        "value": 0,
      },
      {
        "date": "2025-05-02 00:00:00",
        "value": 0,
      },
      {
        "date": "2025-05-03 00:00:00",
        "value": 0,
      },
      {
        "date": "2025-05-04 00:00:00",
        "value": 0,
      },
    ],
    "depth": 8,
    "name": "$all_event",
  },
  {
    "data": [
      {
        "date": "2025-04-27 00:00:00",
        "value": 0,
      },
      {
        "date": "2025-04-28 00:00:00",
        "value": 0,
      },
      {
        "date": "2025-04-29 00:00:00",
        "value": 0,
      },
      {
        "date": "2025-04-30 00:00:00",
        "value": 1,
      },
      {
        "date": "2025-05-01 00:00:00",
        "value": 0,
      },
      {
        "date": "2025-05-02 00:00:00",
        "value": 0,
      },
      {
        "date": "2025-05-03 00:00:00",
        "value": 0,
      },
      {
        "date": "2025-05-04 00:00:00",
        "value": 0,
      },
    ],
    "depth": 9,
    "name": "$all_event",
  },
]
`;

exports[`processGroupedTimeSeriesData > simple test case 2 1`] = `
[
  {
    "data": [
      {
        "date": "2025-07-17 00:00:00",
        "value": 21,
      },
      {
        "date": "2025-07-17 01:00:00",
        "value": 28,
      },
      {
        "date": "2025-07-17 02:00:00",
        "value": 22,
      },
      {
        "date": "2025-07-17 03:00:00",
        "value": 26,
      },
      {
        "date": "2025-07-17 04:00:00",
        "value": 26,
      },
      {
        "date": "2025-07-17 05:00:00",
        "value": 29,
      },
      {
        "date": "2025-07-17 06:00:00",
        "value": 24,
      },
      {
        "date": "2025-07-17 07:00:00",
        "value": 22,
      },
      {
        "date": "2025-07-17 08:00:00",
        "value": 28,
      },
      {
        "date": "2025-07-17 09:00:00",
        "value": 32,
      },
      {
        "date": "2025-07-17 10:00:00",
        "value": 23,
      },
      {
        "date": "2025-07-17 11:00:00",
        "value": 45,
      },
      {
        "date": "2025-07-17 12:00:00",
        "value": 31,
      },
      {
        "date": "2025-07-17 13:00:00",
        "value": 27,
      },
      {
        "date": "2025-07-17 14:00:00",
        "value": 26,
      },
      {
        "date": "2025-07-17 15:00:00",
        "value": 17,
      },
      {
        "date": "2025-07-17 16:00:00",
        "value": 33,
      },
      {
        "date": "2025-07-17 17:00:00",
        "value": 16,
      },
      {
        "date": "2025-07-17 18:00:00",
        "value": 12,
      },
      {
        "date": "2025-07-17 19:00:00",
        "value": 19,
      },
      {
        "date": "2025-07-17 20:00:00",
        "value": 26,
      },
      {
        "date": "2025-07-17 21:00:00",
        "value": 24,
      },
      {
        "date": "2025-07-17 22:00:00",
        "value": 33,
      },
      {
        "date": "2025-07-17 23:00:00",
        "value": 30,
      },
      {
        "date": "2025-07-18 00:00:00",
        "value": 1,
      },
    ],
    "name": "$all_event",
  },
]
`;
