// Vitest Snapshot v1, https://vitest.dev/guide/snapshot.html

exports[`processGroupedTimeSeriesData > simple test case 1`] = `
[
  {
    "data": [
      {
        "date": "2025-04-27 00:00:00",
        "value": 0,
      },
      {
        "date": "2025-04-28 00:00:00",
        "value": 1,
      },
      {
        "date": "2025-04-29 00:00:00",
        "value": 0,
      },
      {
        "date": "2025-04-30 00:00:00",
        "value": 0,
      },
      {
        "date": "2025-05-01 00:00:00",
        "value": 0,
      },
      {
        "date": "2025-05-02 00:00:00",
        "value": 0,
      },
      {
        "date": "2025-05-03 00:00:00",
        "value": 0,
      },
      {
        "date": "2025-05-04 00:00:00",
        "value": 0,
      },
    ],
    "depth": 18,
    "name": "$all_event",
  },
  {
    "data": [
      {
        "date": "2025-04-27 00:00:00",
        "value": 0,
      },
      {
        "date": "2025-04-28 00:00:00",
        "value": 0,
      },
      {
        "date": "2025-04-29 00:00:00",
        "value": 20,
      },
      {
        "date": "2025-04-30 00:00:00",
        "value": 1,
      },
      {
        "date": "2025-05-01 00:00:00",
        "value": 4,
      },
      {
        "date": "2025-05-02 00:00:00",
        "value": 0,
      },
      {
        "date": "2025-05-03 00:00:00",
        "value": 0,
      },
      {
        "date": "2025-05-04 00:00:00",
        "value": 0,
      },
    ],
    "depth": 1,
    "name": "$all_event",
  },
  {
    "data": [
      {
        "date": "2025-04-27 00:00:00",
        "value": 0,
      },
      {
        "date": "2025-04-28 00:00:00",
        "value": 0,
      },
      {
        "date": "2025-04-29 00:00:00",
        "value": 11,
      },
      {
        "date": "2025-04-30 00:00:00",
        "value": 1,
      },
      {
        "date": "2025-05-01 00:00:00",
        "value": 1,
      },
      {
        "date": "2025-05-02 00:00:00",
        "value": 0,
      },
      {
        "date": "2025-05-03 00:00:00",
        "value": 0,
      },
      {
        "date": "2025-05-04 00:00:00",
        "value": 0,
      },
    ],
    "depth": 2,
    "name": "$all_event",
  },
  {
    "data": [
      {
        "date": "2025-04-27 00:00:00",
        "value": 0,
      },
      {
        "date": "2025-04-28 00:00:00",
        "value": 0,
      },
      {
        "date": "2025-04-29 00:00:00",
        "value": 7,
      },
      {
        "date": "2025-04-30 00:00:00",
        "value": 1,
      },
      {
        "date": "2025-05-01 00:00:00",
        "value": 1,
      },
      {
        "date": "2025-05-02 00:00:00",
        "value": 0,
      },
      {
        "date": "2025-05-03 00:00:00",
        "value": 0,
      },
      {
        "date": "2025-05-04 00:00:00",
        "value": 0,
      },
    ],
    "depth": 3,
    "name": "$all_event",
  },
  {
    "data": [
      {
        "date": "2025-04-27 00:00:00",
        "value": 0,
      },
      {
        "date": "2025-04-28 00:00:00",
        "value": 0,
      },
      {
        "date": "2025-04-29 00:00:00",
        "value": 3,
      },
      {
        "date": "2025-04-30 00:00:00",
        "value": 0,
      },
      {
        "date": "2025-05-01 00:00:00",
        "value": 0,
      },
      {
        "date": "2025-05-02 00:00:00",
        "value": 0,
      },
      {
        "date": "2025-05-03 00:00:00",
        "value": 0,
      },
      {
        "date": "2025-05-04 00:00:00",
        "value": 0,
      },
    ],
    "depth": 4,
    "name": "$all_event",
  },
  {
    "data": [
      {
        "date": "2025-04-27 00:00:00",
        "value": 0,
      },
      {
        "date": "2025-04-28 00:00:00",
        "value": 0,
      },
      {
        "date": "2025-04-29 00:00:00",
        "value": 3,
      },
      {
        "date": "2025-04-30 00:00:00",
        "value": 0,
      },
      {
        "date": "2025-05-01 00:00:00",
        "value": 0,
      },
      {
        "date": "2025-05-02 00:00:00",
        "value": 0,
      },
      {
        "date": "2025-05-03 00:00:00",
        "value": 0,
      },
      {
        "date": "2025-05-04 00:00:00",
        "value": 0,
      },
    ],
    "depth": 5,
    "name": "$all_event",
  },
  {
    "data": [
      {
        "date": "2025-04-27 00:00:00",
        "value": 0,
      },
      {
        "date": "2025-04-28 00:00:00",
        "value": 0,
      },
      {
        "date": "2025-04-29 00:00:00",
        "value": 2,
      },
      {
        "date": "2025-04-30 00:00:00",
        "value": 0,
      },
      {
        "date": "2025-05-01 00:00:00",
        "value": 0,
      },
      {
        "date": "2025-05-02 00:00:00",
        "value": 0,
      },
      {
        "date": "2025-05-03 00:00:00",
        "value": 0,
      },
      {
        "date": "2025-05-04 00:00:00",
        "value": 0,
      },
    ],
    "depth": 6,
    "name": "$all_event",
  },
  {
    "data": [
      {
        "date": "2025-04-27 00:00:00",
        "value": 0,
      },
      {
        "date": "2025-04-28 00:00:00",
        "value": 0,
      },
      {
        "date": "2025-04-29 00:00:00",
        "value": 2,
      },
      {
        "date": "2025-04-30 00:00:00",
        "value": 0,
      },
      {
        "date": "2025-05-01 00:00:00",
        "value": 0,
      },
      {
        "date": "2025-05-02 00:00:00",
        "value": 0,
      },
      {
        "date": "2025-05-03 00:00:00",
        "value": 0,
      },
      {
        "date": "2025-05-04 00:00:00",
        "value": 0,
      },
    ],
    "depth": 7,
    "name": "$all_event",
  },
  {
    "data": [
      {
        "date": "2025-04-27 00:00:00",
        "value": 0,
      },
      {
        "date": "2025-04-28 00:00:00",
        "value": 0,
      },
      {
        "date": "2025-04-29 00:00:00",
        "value": 1,
      },
      {
        "date": "2025-04-30 00:00:00",
        "value": 0,
      },
      {
        "date": "2025-05-01 00:00:00",
        "value": 0,
      },
      {
        "date": "2025-05-02 00:00:00",
        "value": 0,
      },
      {
        "date": "2025-05-03 00:00:00",
        "value": 0,
      },
      {
        "date": "2025-05-04 00:00:00",
        "value": 0,
      },
    ],
    "depth": 8,
    "name": "$all_event",
  },
  {
    "data": [
      {
        "date": "2025-04-27 00:00:00",
        "value": 0,
      },
      {
        "date": "2025-04-28 00:00:00",
        "value": 0,
      },
      {
        "date": "2025-04-29 00:00:00",
        "value": 1,
      },
      {
        "date": "2025-04-30 00:00:00",
        "value": 0,
      },
      {
        "date": "2025-05-01 00:00:00",
        "value": 0,
      },
      {
        "date": "2025-05-02 00:00:00",
        "value": 0,
      },
      {
        "date": "2025-05-03 00:00:00",
        "value": 0,
      },
      {
        "date": "2025-05-04 00:00:00",
        "value": 0,
      },
    ],
    "depth": 9,
    "name": "$all_event",
  },
]
`;
